Archive member included to satisfy reference by file (symbol)

C:/devkitPro/devkitPPC/bin/../lib/gcc/powerpc-eabi/13.1.0\libgcc.a(_divdi3.o)
                              console.o (__divdi3)

Discarded input sections

 .text          0x00000000        0x0 OWR.o
 .data          0x00000000        0x0 OWR.o
 .bss           0x00000000        0x0 OWR.o
 .text._Z13strcpy_StringPcPKc
                0x00000000        0x4 OWR.o
 .text._ZN3mod3owr3OWR12SequenceInitEv
                0x00000000       0xc4 OWR.o
 .text._ZN3mod3owr3OWR6LZTestEv
                0x00000000       0x48 OWR.o
 .text._ZN3mod3owr3OWR11NewFileInitEv
                0x00000000        0x4 OWR.o
 .text._ZN3mod3owr3OWR18ReplaceGeneralItemEsi
                0x00000000       0x1c OWR.o
 .text._ZN3mod3owr3OWR14OnModuleLoadedEPN4ttyd6oslink12OSModuleInfoE
                0x00000000      0x14c OWR.o
 .text._ZN3mod3owr3OWR10DrawStringEPKciijf
                0x00000000       0xb0 OWR.o
 .rodata.cst4   0x00000000        0x4 OWR.o
 .text          0x00000000        0x0 common.o
 .data          0x00000000        0x0 common.o
 .bss           0x00000000        0x0 common.o
 .text._ZN3mod6common14GetCurrentAreaEv
                0x00000000       0x1c common.o
 .text._ZN3mod6common13GetCurrentMapEv
                0x00000000       0x1c common.o
 .text._ZN3mod6common11GetFilenameEv
                0x00000000       0x1c common.o
 .text._ZN3mod6common16GetStorySequenceEv
                0x00000000       0x24 common.o
 .text._ZN3mod6common14GetPitSequenceEv
                0x00000000       0x2c common.o
 .text._ZN3mod6common17GetSavedFlagValueEi
                0x00000000       0x44 common.o
 .text._ZN3mod6common21HasKeyItemInInventoryEs
                0x00000000       0x60 common.o
 .text._ZN3mod6common25GetBattleWindowDataOffsetEv
                0x00000000       0x1c common.o
 .text._ZN3mod6common21GetStatusWindowHeightEv
                0x00000000       0x28 common.o
 .data._ZN3mod6common29kUnknownStatusWindowStructPtrE
                0x00000000        0x4 common.o
 .data._ZN3mod6common10kBattlePtrE
                0x00000000        0x4 common.o
 .data._ZN3mod6common9kPouchPtrE
                0x00000000        0x4 common.o
 .data._ZN3mod6common12kSaveDataPtrE
                0x00000000        0x4 common.o
 .rodata._ZN3mod6common32kUltraHammerChestDespawnIdOffsetE
                0x00000000        0x4 common.o
 .rodata._ZN3mod6common27kObjectCollectionExprOffsetE
                0x00000000        0x4 common.o
 .rodata._ZN3mod6common27kObjectChestScriptPtrOffsetE
                0x00000000        0x4 common.o
 .rodata._ZN3mod6common33kMujModuleFlavioDesiredItemOffsetE
                0x00000000        0x4 common.o
 .rodata._ZN3mod6common36kJinModuleAtomicBooItemGswfSetOffsetE
                0x00000000        0x4 common.o
 .rodata._ZN3mod6common39kJinModuleAtomicBooItemObjectFlagOffsetE
                0x00000000        0x4 common.o
 .rodata._ZN3mod6common32kPitModuleCharlietonChanceOffsetE
                0x00000000        0x4 common.o
 .rodata._ZN3mod6common22kPitModuleNpcArrOffsetE
                0x00000000        0x4 common.o
 .rodata._ZN3mod6common23kSavedWordFlagBaseValueE
                0x00000000        0x4 common.o
 .data._ZN3mod6common20kPiantaParlorItemArrE
                0x00000000        0x4 common.o
 .data._ZN3mod6common21kPitCharlietonItemArrE
                0x00000000        0x4 common.o
 .data._ZN3mod6common12kHowzItemArrE
                0x00000000        0x4 common.o
 .data._ZN3mod6common18kCharlietonItemArrE
                0x00000000        0x4 common.o
 .data._ZN3mod6common14kDazzleItemArrE
                0x00000000        0x4 common.o
 .data._ZN3mod6common20kSuperguardFramesArrE
                0x00000000        0x4 common.o
 .data._ZN3mod6common15kGuardFramesArrE
                0x00000000        0x4 common.o
 .data._ZN3mod6common25kSuperChargePartnerParamsE
                0x00000000        0x4 common.o
 .data._ZN3mod6common18kSuperChargeParamsE
                0x00000000        0x4 common.o
 .data._ZN3mod6common19kPiercingBlowParamsE
                0x00000000        0x4 common.o
 .data._ZN3mod6common18kHammerThrowParamsE
                0x00000000        0x4 common.o
 .data._ZN3mod6common17kKoopaCurseParamsE
                0x00000000        0x4 common.o
 .data._ZN3mod6common15kTradeOffParamsE
                0x00000000        0x4 common.o
 .data._ZN3mod6common17kGulpRecoilParamsE
                0x00000000        0x4 common.o
 .data._ZN3mod6common24kUltraHammerRecoilParamsE
                0x00000000        0x4 common.o
 .data._ZN3mod6common24kSuperHammerRecoilParamsE
                0x00000000        0x4 common.o
 .data._ZN3mod6common8kNextMapE
                0x00000000        0x4 common.o
 .rodata.cst4   0x00000000        0x4 common.o
 .text          0x00000000        0x0 con_mario.o
 .data          0x00000000        0x0 con_mario.o
 .bss           0x00000000        0x0 con_mario.o
 .text          0x00000000        0x0 con_perf.o
 .data          0x00000000        0x0 con_perf.o
 .bss           0x00000000        0x0 con_perf.o
 .text          0x00000000        0x0 con_seq.o
 .data          0x00000000        0x0 con_seq.o
 .bss           0x00000000        0x0 con_seq.o
 .text          0x00000000        0x0 console.o
 .data          0x00000000        0x0 console.o
 .bss           0x00000000        0x0 console.o
 .text._ZN3mod13ConsoleSystem8logDebugEPKcz
                0x00000000       0xbc console.o
 .text._ZN3mod13ConsoleSystem12setMonospaceEb
                0x00000000       0x30 console.o
 .text._ZN3mod13ConsoleSystem8drawLineEiPKcN2gc6color4E
                0x00000000       0xd4 console.o
 .text._ZN3mod13ConsoleSystem14updateUsbGeckoEv
                0x00000000       0x14 console.o
 .text          0x00000000        0x0 cxx.o
 .data          0x00000000        0x0 cxx.o
 .bss           0x00000000        0x0 cxx.o
 .text._ZdlPv   0x00000000        0xc cxx.o
 .text._ZdaPv   0x00000000        0xc cxx.o
 .text          0x00000000        0x0 keyboard.o
 .data          0x00000000        0x0 keyboard.o
 .bss           0x00000000        0x0 keyboard.o
 .text._ZN3mod8Keyboard10setChannelEi
                0x00000000       0xc4 keyboard.o
 .text._ZN3mod8Keyboard7connectEv
                0x00000000       0x78 keyboard.o
 .text._ZN3mod8Keyboard10disconnectEv
                0x00000000       0x4c keyboard.o
 .text          0x00000000        0x0 mod.o
 .data          0x00000000        0x0 mod.o
 .bss           0x00000000        0x0 mod.o
 .text._ZN3mod3ModC2Ev
                0x00000000       0x9c mod.o
 .text._ZN3mod3Mod11updateEarlyEv
                0x00000000       0x90 mod.o
 .text._ZN3mod3Mod4drawEv
                0x00000000        0x8 mod.o
 .text          0x00000000        0x0 patch.o
 .data          0x00000000        0x0 patch.o
 .bss           0x00000000        0x0 patch.o
 .text._ZN3mod5patch10WritePatchEPvPKvS3_
                0x00000000       0x4c patch.o
 .text          0x00000000        0x0 rel.o
 .data          0x00000000        0x0 rel.o
 .bss           0x00000000        0x0 rel.o
 .text          0x00000000        0x0 ug.o
 .data          0x00000000        0x0 ug.o
 .bss           0x00000000        0x0 ug.o
 .text          0x00000000        0x0 util.o
 .data          0x00000000        0x0 util.o
 .bss           0x00000000        0x0 util.o
 .text          0x00000000       0x7c patch_ih.o
 .data          0x00000000        0x0 patch_ih.o
 .bss           0x00000000        0x0 patch_ih.o
 .text          0x00000000        0x0 C:/devkitPro/devkitPPC/bin/../lib/gcc/powerpc-eabi/13.1.0\libgcc.a(_divdi3.o)
 .data          0x00000000        0x0 C:/devkitPro/devkitPPC/bin/../lib/gcc/powerpc-eabi/13.1.0\libgcc.a(_divdi3.o)
 .bss           0x00000000        0x0 C:/devkitPro/devkitPPC/bin/../lib/gcc/powerpc-eabi/13.1.0\libgcc.a(_divdi3.o)

Memory Configuration

Name             Origin             Length             Attributes
*default*        0x00000000         0xffffffff

Linker script and memory map

                0x80003100                        . = 0x80003100

.init
 *crt0.o(*.init)
 *(.init)

.plt
 *(.plt)

.interp
 *(.interp)

.hash
 *(.hash)

.dynsym
 *(.dynsym)

.dynstr
 *(.dynstr)

.gnu.version
 *(.gnu.version)

.gnu.version_d
 *(.gnu.version_d)

.gnu.version_r
 *(.gnu.version_r)

.rel.init
 *(.rel.init)

.rela.init
 *(.rela.init)

.rel.text
 *(.rel.text .rel.text.* .rel.gnu.linkonce.t.*)

.rela.text
 *(.rela.text .rela.text.* .rela.gnu.linkonce.t.*)

.rel.fini
 *(.rel.fini)

.rela.fini
 *(.rela.fini)

.rel.rodata
 *(.rel.rodata .rel.rodata.* .rel.gnu.linkonce.r.*)

.rela.rodata
 *(.rela.rodata .rela.rodata.* .rela.gnu.linkonce.r.*)

.rel.data
 *(.rel.data .rel.data.* .rel.gnu.linkonce.d.*)

.rela.data
 *(.rela.data .rela.data.* .rela.gnu.linkonce.d.*)

.rel.tdata
 *(.rel.tdata .rel.tdata.* .rel.gnu.linkonce.td.*)

.rela.tdata
 *(.rela.tdata .rela.tdata.* .rela.gnu.linkonce.td.*)

.rel.tbss
 *(.rel.tbss .rel.tbss.* .rel.gnu.linkonce.tb.*)

.rela.tbss
 *(.rela.tbss .rela.tbss.* .rela.gnu.linkonce.tb.*)

.rel.ctors
 *(.rel.ctors)

.rela.ctors
 *(.rela.ctors)

.rel.dtors
 *(.rel.dtors)

.rela.dtors
 *(.rela.dtors)

.rel.got
 *(.rel.got)

.rela.got
 *(.rela.got)

.rela.got1
 *(.rela.got1)

.rela.got2
 *(.rela.got2)

.rel.sdata
 *(.rel.sdata .rel.sdata.* .rel.gnu.linkonce.s.*)

.rela.sdata
 *(.rela.sdata .rela.sdata.* .rela.gnu.linkonce.s.*)

.rel.sbss
 *(.rel.sbss .rel.sbss.* .rel.gnu.linkonce.sb.*)

.rela.sbss
 *(.rela.sbss .rela.sbss.* .rel.gnu.linkonce.sb.*)

.rel.sdata2
 *(.rel.sdata2 .rel.sdata2.* .rel.gnu.linkonce.s2.*)

.rela.sdata2
 *(.rela.sdata2 .rela.sdata2.* .rela.gnu.linkonce.s2.*)

.rel.sbss2
 *(.rel.sbss2 .rel.sbss2.* .rel.gnu.linkonce.sb2.*)

.rela.sbss2
 *(.rela.sbss2 .rela.sbss2.* .rela.gnu.linkonce.sb2.*)

.rel.bss
 *(.rel.bss .rel.bss.* .rel.gnu.linkonce.b.*)

.rela.bss
 *(.rela.bss .rela.bss.* .rela.gnu.linkonce.b.*)

.rel.plt
 *(.rel.plt)

.rela.plt
 *(.rela.plt)

.text           0x80003100     0x3780
 *(.text)
 *(.text.*)
 .text._ZZN3mod3owr3OWR4InitEvENUlPKcjjiPvfffE_4_FUNES3_jjiS4_fff
                0x80003100       0x14 OWR.o
 .text._ZZN3mod3owr3OWR4InitEvENUlvE_4_FUNEv
                0x80003114       0x10 OWR.o
 .text._ZZN3mod3owr3OWR4InitEvENUlPN4ttyd6oslink12OSModuleInfoEPvE_4_FUNES5_S6_
                0x80003124      0x18c OWR.o
 .text._ZN3mod3owr3OWRC2Ev
                0x800032b0        0x4 OWR.o
                0x800032b0                _ZN3mod3owr3OWRC1Ev
                0x800032b0                _ZN3mod3owr3OWRC2Ev
 .text._ZN3mod3owr3OWR4InitEv
                0x800032b4      0x1b0 OWR.o
                0x800032b4                _ZN3mod3owr3OWR4InitEv
 .text._ZN3mod3owr3OWR6UpdateEv
                0x80003464       0xf0 OWR.o
                0x80003464                _ZN3mod3owr3OWR6UpdateEv
 .text._ZN3mod3owr3OWR4DrawEv
                0x80003554        0x4 OWR.o
                0x80003554                _ZN3mod3owr3OWR4DrawEv
 .text.startup._GLOBAL__sub_I__Z13strcpy_StringPcPKc
                0x80003558       0x14 OWR.o
 .text._ZN3modL13mod_if_func22Ev
                0x8000356c       0x54 con_mario.o
 .text.startup._GLOBAL__sub_I__ZN3mod13mario_set_posE
                0x800035c0       0x88 con_mario.o
 .text._ZN3modL13mod_if_func46Ev
                0x80003648      0x19c con_perf.o
 .text.startup._GLOBAL__sub_I__ZN3mod15perf_fake_spikeE
                0x800037e4       0x8c con_perf.o
 .text._ZZN3modL13mod_if_func16EvENUlPN4ttyd6seqdrv7SeqInfoEE_4_FUNES3_
                0x80003870       0x44 con_seq.o
 .text._ZN3modL13mod_if_func16Ev
                0x800038b4       0x80 con_seq.o
 .text.startup._GLOBAL__sub_I__ZN3mod13seq_logo_skipE
                0x80003934       0x8c con_seq.o
 .text._ZN3mod13ConsoleSystem4initEv
                0x800039c0       0x38 console.o
                0x800039c0                _ZN3mod13ConsoleSystem4initEv
 .text._ZN3mod13ConsoleSystem8logColorEPKcN2gc6color4E
                0x800039f8      0x2a8 console.o
                0x800039f8                _ZN3mod13ConsoleSystem8logColorEPKcN2gc6color4E
 .text._ZN3mod13ConsoleSystem7logInfoEPKcz
                0x80003ca0       0xb8 console.o
                0x80003ca0                _ZN3mod13ConsoleSystem7logInfoEPKcz
 .text._ZN3mod7CC_findEPKc
                0x80003d58      0x12c console.o
                0x80003d58                _ZN3mod7CC_findEPKc
 .text._ZN3mod13ConsoleSystem10logWarningEPKcz
                0x80003e84       0xbc console.o
                0x80003e84                _ZN3mod13ConsoleSystem10logWarningEPKcz
 .text._ZN3mod13ConsoleSystem8logErrorEPKcz
                0x80003f40       0xbc console.o
                0x80003f40                _ZN3mod13ConsoleSystem8logErrorEPKcz
 .text._ZN3mod13ConsoleSystem7overlayEPKcz
                0x80003ffc       0xd0 console.o
                0x80003ffc                _ZN3mod13ConsoleSystem7overlayEPKcz
 .text._ZN3mod13ConsoleSystem14processCommandEPKc
                0x800040cc      0x288 console.o
                0x800040cc                _ZN3mod13ConsoleSystem14processCommandEPKc
 .text._ZN3mod13ConsoleSystem12updatePromptEv
                0x80004354      0x974 console.o
                0x80004354                _ZN3mod13ConsoleSystem12updatePromptEv
 .text._ZN3mod13ConsoleSystem14updateUsbGeckoEv.part.0
                0x80004cc8      0x19c console.o
 .text._ZN3mod13ConsoleSystem6updateEv
                0x80004e64       0x70 console.o
                0x80004e64                _ZN3mod13ConsoleSystem6updateEv
 .text._ZN3mod13ConsoleSystem4dispEv
                0x80004ed4      0x534 console.o
                0x80004ed4                _ZN3mod13ConsoleSystem4dispEv
 .text._ZZN3mod13ConsoleSystem6updateEvENUlN4ttyd7dispdrv8CameraIdEPvE_4_FUNES3_S4_
                0x80005408        0x8 console.o
 .text.startup._GLOBAL__sub_I__ZN3mod10ConCommand6sFirstE
                0x80005410      0x1ac console.o
 .text._Znwj    0x800055bc        0xc cxx.o
                0x800055bc                _Znwj
 .text._Znaj    0x800055c8        0xc cxx.o
                0x800055c8                _Znaj
 .text._ZN3mod8KeyboardC2Ei
                0x800055d4       0x84 keyboard.o
                0x800055d4                _ZN3mod8KeyboardC2Ei
                0x800055d4                _ZN3mod8KeyboardC1Ei
 .text._ZN3mod8Keyboard6updateEv
                0x80005658      0x59c keyboard.o
                0x80005658                _ZN3mod8Keyboard6updateEv
 .text._ZZN3mod3Mod4initEvENUlvE0_4_FUNEv
                0x80005bf4        0x4 mod.o
 .text._ZZN3mod3Mod11updateEarlyEvENUlN4ttyd7dispdrv8CameraIdEPvE_4_FUNES3_S4_
                0x80005bf8        0x8 mod.o
 .text._ZZN3mod3Mod4initEvENUlvE_4_FUNEv
                0x80005c00       0x94 mod.o
 .text._ZN3mod3Mod4initEv
                0x80005c94      0x114 mod.o
                0x80005c94                _ZN3mod3Mod4initEv
 .text.startup._ZN3mod4mainEv
                0x80005da8       0xa8 mod.o
                0x80005da8                _ZN3mod4mainEv
 .text._ZN3mod5patch11WriteBranchEPvS1_
                0x80005e50       0x4c patch.o
                0x80005e50                _ZN3mod5patch11WriteBranchEPvS1_
 .text._ZN3mod5patch10WritePatchEPvPKvj
                0x80005e9c       0x48 patch.o
                0x80005e9c                _ZN3mod5patch10WritePatchEPvPKvj
 .text._prolog  0x80005ee4       0xac rel.o
                0x80005ee4                _prolog
 .text._epilog  0x80005f90       0xac rel.o
                0x80005f90                _epilog
 .text._unresolved
                0x8000603c        0x4 rel.o
                0x8000603c                _unresolved
 .text._ZN3mod7ugProbeEi
                0x80006040      0x110 ug.o
                0x80006040                _ZN3mod7ugProbeEi
 .text._ZN3mod6ugSendEiPKvi
                0x80006150      0x12c ug.o
                0x80006150                _ZN3mod6ugSendEiPKvi
 .text._ZN3mod6ugRecvEiPvi
                0x8000627c      0x124 ug.o
                0x8000627c                _ZN3mod6ugRecvEiPvi
 .text.strstr   0x800063a0       0xf0 util.o
                0x800063a0                strstr
 .text.__divdi3
                0x80006490      0x3ec C:/devkitPro/devkitPPC/bin/../lib/gcc/powerpc-eabi/13.1.0\libgcc.a(_divdi3.o)
                0x80006490                __divdi3
 *(.gnu.warning)
 *(.gnu.linkonce.t.*)
                0x80006880                        . = ALIGN (0x20)
 *fill*         0x8000687c        0x4 00000000

.text._ZN3mod13mario_set_posMUlPKcE_4_FUNES2_
                0x00000000       0x6c
 .text._ZN3mod13mario_set_posMUlPKcE_4_FUNES2_
                0x00000000       0x6c con_mario.o
                0x00000000                _ZN3mod13mario_set_posMUlPKcE_4_FUNES2_
                0x00000000                _ZN3mod13mario_set_posMUlPKcE_4_FUNES1_

.text._ZN3mod15perf_fake_spikeMUlPKcE_4_FUNES2_
                0x00000000       0xa8
 .text._ZN3mod15perf_fake_spikeMUlPKcE_4_FUNES2_
                0x00000000       0xa8 con_perf.o
                0x00000000                _ZN3mod15perf_fake_spikeMUlPKcE_4_FUNES1_
                0x00000000                _ZN3mod15perf_fake_spikeMUlPKcE_4_FUNES2_

.text._ZN3mod14seq_change_mapMUlPKcE_4_FUNES2_
                0x00000000       0xf0
 .text._ZN3mod14seq_change_mapMUlPKcE_4_FUNES2_
                0x00000000       0xf0 con_seq.o
                0x00000000                _ZN3mod14seq_change_mapMUlPKcE_4_FUNES2_
                0x00000000                _ZN3mod14seq_change_mapMUlPKcE_4_FUNES1_

.text._ZN3mod8con_monoMUlPNS_9ConIntVarEiE_4_FUNES2_i
                0x00000000       0x3c
 .text._ZN3mod8con_monoMUlPNS_9ConIntVarEiE_4_FUNES2_i
                0x00000000       0x3c console.o
                0x00000000                _ZN3mod8con_monoMUlPNS_9ConIntVarEiE_4_FUNES1_i
                0x00000000                _ZN3mod8con_monoMUlPNS_9ConIntVarEiE_4_FUNES2_i

.fini           0x0000003c        0x4
 *(.fini)
                0x00000040                        . = ALIGN (0x20)
 *fill*         0x0000003c        0x4 00000000
                [!provide]                        PROVIDE (__etext = .)
                [!provide]                        PROVIDE (_etext = .)
                [!provide]                        PROVIDE (etext = .)

.rodata         0x00000040      0x9f0
 *(.rodata)
 *(.rodata.*)
 .rodata._ZN3mod3owr3OWR6LZTestEv.str1.4
                0x00000040        0x7 OWR.o
 *fill*         0x00000047        0x1 
 .rodata._ZN3mod13mario_set_posMUlPKcE_4_FUNES2_.str1.4
                0x00000048        0x9 con_mario.o
 *fill*         0x00000051        0x3 
 .rodata._ZN3modL13mod_if_func22Ev.str1.4
                0x00000054       0x20 con_mario.o
 .rodata._GLOBAL__sub_I__ZN3mod13mario_set_posE.str1.4
                0x00000074       0x1f con_mario.o
 *fill*         0x00000093        0x1 
 .rodata._ZN3modL13mod_if_func46Ev.str1.4
                0x00000094       0x5e con_perf.o
 *fill*         0x000000f2        0x2 
 .rodata._ZN3mod15perf_fake_spikeMUlPKcE_4_FUNES2_.str1.4
                0x000000f4        0x4 con_perf.o
 .rodata._GLOBAL__sub_I__ZN3mod15perf_fake_spikeE.str1.4
                0x000000f8       0x1f con_perf.o
 *fill*         0x00000117        0x1 
 .rodata.cst4   0x00000118       0x10 con_perf.o
 .rodata._ZN3mod14seq_change_mapMUlPKcE_4_FUNES2_.str1.4
                0x00000128       0x20 con_seq.o
 .rodata._GLOBAL__sub_I__ZN3mod13seq_logo_skipE.str1.4
                0x00000148       0x1f con_seq.o
 *fill*         0x00000167        0x1 
 .rodata._ZN3mod13ConsoleSystem8logColorEPKcN2gc6color4E.str1.4
                0x00000168       0x83 console.o
 *fill*         0x000001eb        0x1 
 .rodata._ZN3mod7CC_findEPKc.str1.4
                0x000001ec       0x21 console.o
 *fill*         0x0000020d        0x3 
 .rodata._ZN3mod13ConsoleSystem14processCommandEPKc.str1.4
                0x00000210       0x2e console.o
 *fill*         0x0000023e        0x2 
 .rodata._ZN3mod13ConsoleSystem12updatePromptEv
                0x00000240      0x6c0 console.o
 .rodata._ZN3mod13ConsoleSystem14updateUsbGeckoEv.part.0.str1.4
                0x00000900       0x75 console.o
 *fill*         0x00000975        0x3 
 .rodata._ZN3mod13ConsoleSystem4dispEv.str1.4
                0x00000978       0x16 console.o
 *fill*         0x0000098e        0x2 
 .rodata._GLOBAL__sub_I__ZN3mod10ConCommand6sFirstE.str1.4
                0x00000990       0x8d console.o
 .rodata._ZZN3mod13ConsoleSystem4dispEvE12kPromptColor
                0x00000a1d        0x4 console.o
 *fill*         0x00000a21        0x3 
 .rodata.cst4   0x00000a24        0x8 console.o
 .rodata.cst4   0x00000a2c        0x4 mod.o
 *(.gnu.linkonce.r.*)

.rodata1
 *(.rodata1)

.sdata2         0x00000a30        0x0
                [!provide]                        PROVIDE (_SDA2_BASE_ = .)
 *(.sdata2)
 *(.sdata2.*)
 *(.gnu.linkonce.s2.*)

.sbss2
 *(.sbss2)
 *(.sbss2.*)
 *(.gnu.linkonce.sb2.*)
                0x00000a30                        . = ALIGN (0x4)
                [!provide]                        PROVIDE (__preinit_array_start = .)

.preinit_array
 *(.preinit_array)
                [!provide]                        PROVIDE (__preinit_array_end = .)
                [!provide]                        PROVIDE (__init_array_start = .)

.init_array
 *(.init_array)
                [!provide]                        PROVIDE (__init_array_end = .)
                [!provide]                        PROVIDE (__fini_array_start = .)

.fini_array
 *(.fini_array)
                [!provide]                        PROVIDE (__fini_array_end = .)

.data           0x00000a30       0x30
 *(.data)
 *(.data.*)
 .data.GSWF_ARR_SIZE
                0x00000a30        0x2 OWR.o
                0x00000a30                GSWF_ARR_SIZE
 *fill*         0x00000a32        0x2 
 .data.GSWF_ARR
                0x00000a34       0x10 OWR.o
                0x00000a34                GSWF_ARR
 .data._ZN3mod6common12kItemDataArrE
                0x00000a44        0x4 common.o
                0x00000a44                _ZN3mod6common12kItemDataArrE
 *(.gnu.linkonce.d.*)
                0x00000a60                        . = ALIGN (0x20)
 *fill*         0x00000a48       0x18 

.data1
 *(.data1)

.tdata
 *(.tdata .tdata.* .gnu.linkonce.td.*)

.tbss
 *(.tbss .tbss.* .gnu.linkonce.tb.*)
 *(.tcommon)

.eh_frame       0x00000a60      0xa98
 *(.eh_frame)
 .eh_frame      0x00000a60      0x108 OWR.o
                                0x1f0 (size before relaxing)
 .eh_frame      0x00000b68        0x0 common.o
                                 0xc8 (size before relaxing)
 .eh_frame      0x00000b68       0x70 con_mario.o
 .eh_frame      0x00000bd8       0x84 con_perf.o
 .eh_frame      0x00000c5c       0xac con_seq.o
 .eh_frame      0x00000d08      0x454 console.o
                                0x4e8 (size before relaxing)
 .eh_frame      0x0000115c       0x3c cxx.o
                                 0x64 (size before relaxing)
 .eh_frame      0x00001198       0x84 keyboard.o
                                0x110 (size before relaxing)
 .eh_frame      0x0000121c       0xb8 mod.o
                                0x120 (size before relaxing)
 .eh_frame      0x000012d4       0x60 patch.o
                                 0x88 (size before relaxing)
 .eh_frame      0x00001334       0x90 rel.o
 .eh_frame      0x000013c4       0xbc ug.o
 .eh_frame      0x00001480       0x3c util.o
 .eh_frame      0x000014bc       0x3c C:/devkitPro/devkitPPC/bin/../lib/gcc/powerpc-eabi/13.1.0\libgcc.a(_divdi3.o)

.gcc_except_table
 *(.gcc_except_table)

.fixup
 *(.fixup)

.got1
 *(.got1)

.got2
 *(.got2)

.dynamic
 *(.dynamic)

.ctors          0x000014f8       0x28
 *crtbegin.o(.ctors)
 *(EXCLUDE_FILE(*crtend.o) .ctors)
 .ctors         0x000014f8        0x4 OWR.o
 .ctors         0x000014fc        0x4 con_mario.o
 .ctors         0x00001500        0x4 con_perf.o
 .ctors         0x00001504        0x4 con_seq.o
 .ctors         0x00001508        0x4 console.o
 *(SORT_BY_NAME(.ctors.*))
 *(.ctors)
                0x00001520                        . = ALIGN (0x20)
 *fill*         0x0000150c       0x14 

.dtors          0x00001520        0x0
 *crtbegin.o(.dtors)
 *(EXCLUDE_FILE(*crtend.o) .dtors)
 *(SORT_BY_NAME(.dtors.*))
 *(.dtors)
                0x00001520                        . = ALIGN (0x20)

.jcr
 *(.jcr)

.got
 *(.got.plt)
 *(.got)

.sdata          0x00001520        0x0
                [!provide]                        PROVIDE (_SDA_BASE_ = .)
 *(.sdata)
 *(.sdata.*)
 *(.gnu.linkonce.s.*)
                0x00001520                        . = ALIGN (0x20)
                0x00001520                        _edata = .
                [!provide]                        PROVIDE (edata = .)

.sbss           0x00001520        0x0
                0x00001520                        __sbss_start = .
                [!provide]                        PROVIDE (__sbss_start = .)
                [!provide]                        PROVIDE (___sbss_start = .)
 *(.dynsbss)
 *(.sbss)
 *(.sbss.*)
 *(.gnu.linkonce.sb.*)
 *(.scommon)
                [!provide]                        PROVIDE (__sbss_end = .)
                [!provide]                        PROVIDE (___sbss_end = .)
                0x00001520                        . = ALIGN (0x20)
                0x00001520                        __sbss_end = .

.bss            0x00001520      0x140
                0x00001520                        __bss_start = .
                [!provide]                        PROVIDE (__bss_start = .)
 *(.dynbss)
 *(.bss)
 *(.bss.*)
 .bss._ZN3mod3owr25g_stg0_00_init_trampolineE
                0x00001520        0x4 OWR.o
                0x00001520                _ZN3mod3owr25g_stg0_00_init_trampolineE
 .bss._ZN3mod3owr19g_OSLink_trampolineE
                0x00001524        0x4 OWR.o
                0x00001524                _ZN3mod3owr19g_OSLink_trampolineE
 .bss._ZN3mod3owr22g_itemEntry_trampolineE
                0x00001528        0x4 OWR.o
                0x00001528                _ZN3mod3owr22g_itemEntry_trampolineE
 .bss._ZN3mod3owr5gSelfE
                0x0000152c        0x4 OWR.o
                0x0000152c                _ZN3mod3owr5gSelfE
 .bss._ZN3mod3owr7item_dbE
                0x00001530        0x4 OWR.o
                0x00001530                _ZN3mod3owr7item_dbE
 .bss._ZN3modL12mod_if_obj22E
                0x00001534        0x8 con_mario.o
 .bss._ZN3mod14mario_show_posE
                0x0000153c       0x10 con_mario.o
                0x0000153c                _ZN3mod14mario_show_posE
 .bss._ZN3mod13mario_set_posE
                0x0000154c        0xc con_mario.o
                0x0000154c                _ZN3mod13mario_set_posE
 .bss._ZN3modL12mod_if_obj46E
                0x00001558        0x8 con_perf.o
 .bss._ZN3mod14mem_debug_heapE
                0x00001560       0x10 con_perf.o
                0x00001560                _ZN3mod14mem_debug_heapE
 .bss._ZN3mod15perf_fake_spikeE
                0x00001570        0xc con_perf.o
                0x00001570                _ZN3mod15perf_fake_spikeE
 .bss._ZN3mod14seq_change_mapE
                0x0000157c        0xc con_seq.o
                0x0000157c                _ZN3mod14seq_change_mapE
 .bss._ZN3modL12mod_if_obj16E
                0x00001588        0x8 con_seq.o
 .bss._ZN3mod24gTrampoline_seq_logoMainE
                0x00001590        0x4 con_seq.o
                0x00001590                _ZN3mod24gTrampoline_seq_logoMainE
 .bss._ZN3mod13seq_logo_skipE
                0x00001594       0x10 con_seq.o
                0x00001594                _ZN3mod13seq_logo_skipE
 .bss._ZN3mod4findE
                0x000015a4        0xc console.o
                0x000015a4                _ZN3mod4findE
 .bss._ZN3mod11con_ug_chanE
                0x000015b0       0x10 console.o
                0x000015b0                _ZN3mod11con_ug_chanE
 .bss._ZN3mod11con_ug_modeE
                0x000015c0       0x10 console.o
                0x000015c0                _ZN3mod11con_ug_modeE
 .bss._ZN3mod21con_log_fade_durationE
                0x000015d0       0x10 console.o
                0x000015d0                _ZN3mod21con_log_fade_durationE
 .bss._ZN3mod18con_log_fade_startE
                0x000015e0       0x10 console.o
                0x000015e0                _ZN3mod18con_log_fade_startE
 .bss._ZN3mod12con_log_fadeE
                0x000015f0       0x10 console.o
                0x000015f0                _ZN3mod12con_log_fadeE
 .bss._ZN3mod13con_log_levelE
                0x00001600       0x10 console.o
                0x00001600                _ZN3mod13con_log_levelE
 .bss._ZN3mod11con_rainbowE
                0x00001610       0x10 console.o
                0x00001610                _ZN3mod11con_rainbowE
 .bss._ZN3mod8con_monoE
                0x00001620       0x10 console.o
                0x00001620                _ZN3mod8con_monoE
 .bss._ZN3mod8con_showE
                0x00001630       0x10 console.o
                0x00001630                _ZN3mod8con_showE
 .bss._ZN3mod8gConsoleE
                0x00001640        0x4 console.o
                0x00001640                _ZN3mod8gConsoleE
 .bss._ZN3mod9ConIntVar6sFirstE
                0x00001644        0x4 console.o
                0x00001644                _ZN3mod9ConIntVar6sFirstE
 .bss._ZN3mod10ConCommand6sFirstE
                0x00001648        0x4 console.o
                0x00001648                _ZN3mod10ConCommand6sFirstE
 .bss._ZN3mod4gModE
                0x0000164c        0x4 mod.o
                0x0000164c                _ZN3mod4gModE
 .bss._ZN17ModUpdateFunction6sFirstE
                0x00001650        0x4 mod.o
                0x00001650                _ZN17ModUpdateFunction6sFirstE
 .bss._ZN15ModInitFunction6sFirstE
                0x00001654        0x4 mod.o
                0x00001654                _ZN15ModInitFunction6sFirstE
 *(.gnu.linkonce.b.*)
 *(COMMON)
                0x00001660                        . = ALIGN (0x20)
 *fill*         0x00001658        0x8 
                [!provide]                        PROVIDE (__bss_end = .)
                0x00001660                        __bss_end = .
                0x00001660                        _end = .
                [!provide]                        PROVIDE (end = .)

.bss._ZZNK3mod14seq_change_mapMUlPKcE_clES2_E8beroName
                0x00000000       0x20
 .bss._ZZNK3mod14seq_change_mapMUlPKcE_clES2_E8beroName
                0x00000000       0x20 con_seq.o
                0x00000000                _ZZNK3mod14seq_change_mapMUlPKcE_clES1_E8beroName
                0x00000000                _ZZNK3mod14seq_change_mapMUlPKcE_clES2_E8beroName

.bss._ZZNK3mod14seq_change_mapMUlPKcE_clES2_E7mapName
                0x00000000       0x20
 .bss._ZZNK3mod14seq_change_mapMUlPKcE_clES2_E7mapName
                0x00000000       0x20 con_seq.o
                0x00000000                _ZZNK3mod14seq_change_mapMUlPKcE_clES2_E7mapName
                0x00000000                _ZZNK3mod14seq_change_mapMUlPKcE_clES1_E7mapName

.stab
 *(.stab)

.stabstr
 *(.stabstr)

.stab.excl
 *(.stab.excl)

.stab.exclstr
 *(.stab.exclstr)

.stab.index
 *(.stab.index)

.stab.indexstr
 *(.stab.indexstr)

.comment        0x00000000      0x1f8
 *(.comment)
 .comment       0x00000000       0x24 OWR.o
 .comment       0x00000024       0x24 common.o
 .comment       0x00000048       0x24 con_mario.o
 .comment       0x0000006c       0x24 con_perf.o
 .comment       0x00000090       0x24 con_seq.o
 .comment       0x000000b4       0x24 console.o
 .comment       0x000000d8       0x24 cxx.o
 .comment       0x000000fc       0x24 keyboard.o
 .comment       0x00000120       0x24 mod.o
 .comment       0x00000144       0x24 patch.o
 .comment       0x00000168       0x24 rel.o
 .comment       0x0000018c       0x24 ug.o
 .comment       0x000001b0       0x24 util.o
 .comment       0x000001d4       0x24 C:/devkitPro/devkitPPC/bin/../lib/gcc/powerpc-eabi/13.1.0\libgcc.a(_divdi3.o)

.gnu.attributes
                0x00000000       0x10
 .gnu.attributes
                0x00000000       0x10 OWR.o
 .gnu.attributes
                0x00000010       0x10 common.o
 .gnu.attributes
                0x00000020       0x10 con_mario.o
 .gnu.attributes
                0x00000030       0x10 con_perf.o
 .gnu.attributes
                0x00000040       0x10 console.o
 .gnu.attributes
                0x00000050       0x10 mod.o

.group          0x00000000        0xc
 .group         0x00000000        0xc con_mario.o

.group          0x00000000        0xc
 .group         0x00000000        0xc con_perf.o

.group          0x00000000        0xc
 .group         0x00000000        0xc con_seq.o

.group          0x00000000        0x8
 .group         0x00000000        0x8 con_seq.o

.group          0x00000000        0x8
 .group         0x00000000        0x8 con_seq.o

.group          0x00000000        0xc
 .group         0x00000000        0xc console.o

.debug
 *(.debug)

.line
 *(.line)

.debug_srcinfo
 *(.debug_srcinfo)

.debug_sfnames
 *(.debug_sfnames)

.debug_aranges  0x00000000      0x3b8
 *(.debug_aranges)
 .debug_aranges
                0x00000000       0x90 OWR.o
 .debug_aranges
                0x00000090       0x60 common.o
 .debug_aranges
                0x000000f0       0x30 con_mario.o
 .debug_aranges
                0x00000120       0x30 con_perf.o
 .debug_aranges
                0x00000150       0x38 con_seq.o
 .debug_aranges
                0x00000188       0xb0 console.o
 .debug_aranges
                0x00000238       0x38 cxx.o
 .debug_aranges
                0x00000270       0x40 keyboard.o
 .debug_aranges
                0x000002b0       0x58 mod.o
 .debug_aranges
                0x00000308       0x30 patch.o
 .debug_aranges
                0x00000338       0x30 rel.o
 .debug_aranges
                0x00000368       0x30 ug.o
 .debug_aranges
                0x00000398       0x20 util.o

.debug_pubnames
 *(.debug_pubnames)

.debug_info     0x00000000    0x14810
 *(.debug_info)
 .debug_info    0x00000000     0x3812 OWR.o
 .debug_info    0x00003812      0xf16 common.o
 .debug_info    0x00004728     0x2440 con_mario.o
 .debug_info    0x00006b68     0x1fc3 con_perf.o
 .debug_info    0x00008b2b     0x20fa con_seq.o
 .debug_info    0x0000ac25     0x3e13 console.o
 .debug_info    0x0000ea38      0x394 cxx.o
 .debug_info    0x0000edcc      0xfaf keyboard.o
 .debug_info    0x0000fd7b     0x34b8 mod.o
 .debug_info    0x00013233      0x582 patch.o
 .debug_info    0x000137b5       0xf3 rel.o
 .debug_info    0x000138a8      0x8d5 ug.o
 .debug_info    0x0001417d      0x693 util.o

.debug_abbrev   0x00000000     0x38a7
 *(.debug_abbrev)
 .debug_abbrev  0x00000000      0x7c1 OWR.o
 .debug_abbrev  0x000007c1      0x21a common.o
 .debug_abbrev  0x000009db      0x60d con_mario.o
 .debug_abbrev  0x00000fe8      0x62f con_perf.o
 .debug_abbrev  0x00001617      0x667 con_seq.o
 .debug_abbrev  0x00001c7e      0x991 console.o
 .debug_abbrev  0x0000260f      0x170 cxx.o
 .debug_abbrev  0x0000277f      0x36e keyboard.o
 .debug_abbrev  0x00002aed      0x789 mod.o
 .debug_abbrev  0x00003276      0x1e9 patch.o
 .debug_abbrev  0x0000345f       0xeb rel.o
 .debug_abbrev  0x0000354a      0x230 ug.o
 .debug_abbrev  0x0000377a      0x12d util.o

.debug_line     0x00000000     0x6a42
 *(.debug_line)
 .debug_line    0x00000000     0x14a9 OWR.o
 .debug_line    0x000014a9      0x3a0 common.o
 .debug_line    0x00001849      0x4d2 con_mario.o
 .debug_line    0x00001d1b      0x619 con_perf.o
 .debug_line    0x00002334      0x5a6 con_seq.o
 .debug_line    0x000028da     0x1f63 console.o
 .debug_line    0x0000483d      0x1cb cxx.o
 .debug_line    0x00004a08      0xcb7 keyboard.o
 .debug_line    0x000056bf      0x750 mod.o
 .debug_line    0x00005e0f      0x28e patch.o
 .debug_line    0x0000609d      0x227 rel.o
 .debug_line    0x000062c4      0x4b0 ug.o
 .debug_line    0x00006774      0x2ce util.o

.debug_frame
 *(.debug_frame)

.debug_str      0x00000000     0xe6f1
 *(.debug_str)
 .debug_str     0x00000000     0x2a03 OWR.o
 .debug_str     0x00002a03     0x13e6 common.o
 .debug_str     0x00003de9     0x1973 con_mario.o
 .debug_str     0x0000575c     0x1532 con_perf.o
 .debug_str     0x00006c8e     0x16b0 con_seq.o
 .debug_str     0x0000833e     0x19fb console.o
 .debug_str     0x00009d39      0x350 cxx.o
 .debug_str     0x0000a089      0x957 keyboard.o
 .debug_str     0x0000a9e0     0x3031 mod.o
 .debug_str     0x0000da11      0x3c3 patch.o
 .debug_str     0x0000ddd4      0x193 rel.o
 .debug_str     0x0000df67      0x39d ug.o
 .debug_str     0x0000e304      0x3ed util.o

.debug_loc
 *(.debug_loc)

.debug_macinfo
 *(.debug_macinfo)

.debug_weaknames
 *(.debug_weaknames)

.debug_funcnames
 *(.debug_funcnames)

.debug_typenames
 *(.debug_typenames)

.debug_varnames
 *(.debug_varnames)
                0x00000000                        __isIPL = 0x0
                0x00021660                        __stack_addr = ((((__bss_start + SIZEOF (.bss)) + 0x20000) + 0x7) & 0xfffffffffffffff8)
                0x00001660                        __stack_end = (__bss_start + SIZEOF (.bss))
                0x00025660                        __intrstack_addr = (__stack_addr + 0x4000)
                0x00021660                        __intrstack_end = __stack_addr
                0x00025660                        __Arena1Lo = ((__intrstack_addr + 0x1f) & 0xffffffffffffffe0)
                0x817feff0                        __Arena1Hi = 0x817feff0
                0x817ff000                        __gxregs = ((__Arena1Hi + 0x1f) & 0xffffffffffffffe0)
                [!provide]                        PROVIDE (__stack = 0x817feff0)
                [!provide]                        PROVIDE (__isIPL = __isIPL)
                [!provide]                        PROVIDE (__stack_addr = __stack_addr)
                [!provide]                        PROVIDE (__stack_end = __stack_end)
                [!provide]                        PROVIDE (__intrstack_addr = __intrstack_addr)
                [!provide]                        PROVIDE (__intrstack_end = __intrstack_end)
                [!provide]                        PROVIDE (__Arena1Lo = __Arena1Lo)
                [!provide]                        PROVIDE (__Arena1Hi = __Arena1Hi)
                [!provide]                        PROVIDE (__gxregs = __gxregs)
LOAD G:/TTYD/ttyd-OWRandomizer/source/rel/source/cxx.ld
                0x000014f8                        _ctors_start = ADDR (.ctors)
                0x00001520                        _ctors_end = (_ctors_start + SIZEOF (.ctors))
                0x00001520                        _dtors_start = ADDR (.dtors)
                0x00001520                        _dtors_end = (_dtors_start + SIZEOF (.dtors))
LOAD OWR.o
LOAD common.o
LOAD con_mario.o
LOAD con_perf.o
LOAD con_seq.o
LOAD console.o
LOAD cxx.o
LOAD keyboard.o
LOAD mod.o
LOAD patch.o
LOAD rel.o
LOAD ug.o
LOAD util.o
LOAD patch_ih.o
LOAD C:/devkitPro/devkitPPC/bin/../lib/gcc/powerpc-eabi/13.1.0\libgcc.a
OUTPUT(G:/TTYD/ttyd-OWRandomizer/source/rel/rel.jp.elf elf32-powerpc)

.debug_loclists
                0x00000000     0x4996
 .debug_loclists
                0x00000000     0x178d OWR.o
 .debug_loclists
                0x0000178d      0x151 common.o
 .debug_loclists
                0x000018de       0xa9 con_mario.o
 .debug_loclists
                0x00001987      0x2eb con_perf.o
 .debug_loclists
                0x00001c72       0xf8 con_seq.o
 .debug_loclists
                0x00001d6a     0x1cd1 console.o
 .debug_loclists
                0x00003a3b       0x54 cxx.o
 .debug_loclists
                0x00003a8f      0x886 keyboard.o
 .debug_loclists
                0x00004315      0x154 mod.o
 .debug_loclists
                0x00004469      0x18a patch.o
 .debug_loclists
                0x000045f3      0x2cd ug.o
 .debug_loclists
                0x000048c0       0xd6 util.o

.debug_rnglists
                0x00000000     0x11d8
 .debug_rnglists
                0x00000000      0x366 OWR.o
 .debug_rnglists
                0x00000366       0x43 common.o
 .debug_rnglists
                0x000003a9       0x95 con_mario.o
 .debug_rnglists
                0x0000043e       0xb4 con_perf.o
 .debug_rnglists
                0x000004f2       0xc5 con_seq.o
 .debug_rnglists
                0x000005b7      0x71c console.o
 .debug_rnglists
                0x00000cd3       0x25 cxx.o
 .debug_rnglists
                0x00000cf8      0x315 keyboard.o
 .debug_rnglists
                0x0000100d       0xc5 mod.o
 .debug_rnglists
                0x000010d2       0x2b patch.o
 .debug_rnglists
                0x000010fd       0x47 rel.o
 .debug_rnglists
                0x00001144       0x73 ug.o
 .debug_rnglists
                0x000011b7       0x21 util.o
